/home/cuong/Desktop/python/VinUni/nhom104-risk-scanner/src/cross_reference/tests/test_cross_ref_data.py:76: UserWarning: Parsing dates in %d/%m/%Y format when dayfirst=False (the default) was specified. Pass `dayfirst=True` or specify a format to silence this warning.
  merged_df['ngay_ban_hanh'] = pd.to_datetime(merged_df['ngay_ban_hanh'], errors='coerce')
--- 1. Đang chuẩn bị bảng tra cứu số hiệu (Lookup Table) ---
Đã nạp 67421 văn bản vào bảng tra cứu.

--- 2. Bắt đầu trích xuất liên kết cho 3 văn bản mẫu ---

====================================================================================================
VĂN BẢN NGUỒN: 31/2009/QH12
TIÊU ĐỀ: Sửa đổi, bổ sung một số điều của Luật điện ảnh
ID: 11752 | Chế độ sửa đổi: BẬT
----------------------------------------------------------------------------------------------------
DEBUG: 500 ký tự đầu tiên để quét Preamble:

 
 
 
 
 LUẬT  
 
 Sửa đổi, bổ sung một số điều của Luật Điện ảnh 
 
 _______________________ 
 
 Căn cứ Hiến pháp nước Cộng hòa xã hội chủ nghĩa Việt Nam năm 1992 đã được sửa đổi, bổ sung một số điều theo Nghị quyết số 51/2001/QH10; 
 
 Quốc hội ban hành Luật sửa đổi, bổ sung một số điều của Luật Điện ảnh số 62/2006/QH11.  
 
 Điều 1. 
 
 Sửa đổi, bổ sung một số điều của Luật Điện ảnh. 
 
 1. Khoản 2 Điều 13 được sửa đổi, bổ sung như sau:  
 
 “2. Tổ chức, cá nhân nước ngoài, người Việt Nam đị...
  [NỘI BỘ]  ---> Điều 14, Khoản 3
  [NỘI BỘ]  ---> Điều 13, Khoản 2
  [NỘI BỘ]  ---> Điều 14, Khoản 3
  [NỘI BỘ]  ---> Điều 15, Khoản 3
  [NỘI BỘ]  ---> Điều 24, Khoản 3
  [NỘI BỘ]  ---> Điều 1
  [NỘI BỘ]  ---> Điều 13
  [NỘI BỘ]  ---> Điều 14
  [NỘI BỘ]  ---> Điều 15
  [NỘI BỘ]  ---> Điều 24
  [NỘI BỘ]  ---> Điều 28, Khoản 2
  [NỘI BỘ]  ---> Điều 25
  [NỘI BỘ]  ---> Điều 28
  [NỘI BỘ]  ---> Điều 29, Khoản 2
  [NỘI BỘ]  ---> Điều 30, Khoản 5
  [NỘI BỘ]  ---> Điều 33, Khoản 3
  [NỘI BỘ]  ---> Điều 35, Khoản 1
  [NỘI BỘ]  ---> Điều 29
  [NỘI BỘ]  ---> Điều 30
  [NỘI BỘ]  ---> Điều 33
  [NỘI BỘ]  ---> Điều 35
  [NỘI BỘ]  ---> Điều 38, Khoản 1
  [NỘI BỘ]  ---> Điều 37, Khoản 3
  [NỘI BỘ]  ---> Điều 38, Khoản 1
  [NỘI BỘ]  ---> Điều 37
  [NỘI BỘ]  ---> Điều 38
  [NỘI BỘ]  ---> Điều 39, Khoản 1
  [NỘI BỘ]  ---> Điều 39, Khoản 1
  [NỘI BỘ]  ---> Điều 39
  [NỘI BỘ]  ---> Điều 41, Khoản 1
  [NỘI BỘ]  ---> Điều 41, Khoản 2
  [NỘI BỘ]  ---> Điều 39, Khoản 4
  [NỘI BỘ]  ---> Điều 39, Khoản 1
  [NỘI BỘ]  ---> Điều 40, Khoản 2
  [NỘI BỘ]  ---> Điều 41, Khoản 1
  [NỘI BỘ]  ---> Điều 41, Khoản 2
  [NỘI BỘ]  ---> Điều 42, Khoản 3
  [NỘI BỘ]  ---> Điều 41, Khoản 3
  [NỘI BỘ]  ---> Điều 46, Khoản 4
  [NỘI BỘ]  ---> Điều 48, Khoản 1
  [NỘI BỘ]  ---> Điều 49, Khoản 6
  [NỘI BỘ]  ---> Điều 24, Khoản 3
  [NỘI BỘ]  ---> Điều 30, Khoản 2
  [NỘI BỘ]  ---> Điều 51, Khoản 1
  [NỘI BỘ]  ---> Điều 52, Khoản 6
  [NỘI BỘ]  ---> Điều 39
  [NỘI BỘ]  ---> Điều 40
  [NỘI BỘ]  ---> Điều 41
  [NỘI BỘ]  ---> Điều 42
  [NỘI BỘ]  ---> Điều 46
  [NỘI BỘ]  ---> Điều 48
  [NỘI BỘ]  ---> Điều 49
  [NỘI BỘ]  ---> Điều 24
  [NỘI BỘ]  ---> Điều 50
  [NỘI BỘ]  ---> Điều 30
  [NỘI BỘ]  ---> Điều 51
  [NỘI BỘ]  ---> Điều 52
  [🛠 SUA_DOI]  ---> Văn bản (Mục tiêu chính) (Điều 1) | ID Đích: None
  [🛠 BO_SUNG]  ---> Văn bản (Mục tiêu chính) (Điều 1, Khoản 1) | ID Đích: None
  [🛠 BO_SUNG]  ---> Văn bản (Mục tiêu chính) (Điều 13, Khoản 2) | ID Đích: None
  [🛠 BO_SUNG]  ---> Văn bản (Mục tiêu chính) (Điều 13, Khoản 2) | ID Đích: None
  [🛠 BO_SUNG]  ---> Văn bản (Mục tiêu chính) (Điều 13, Khoản 2) | ID Đích: None
  [🛠 BO_SUNG]  ---> Văn bản (Mục tiêu chính) (Điều 14, Khoản 3) | ID Đích: None
  [🛠 BO_SUNG]  ---> Văn bản (Mục tiêu chính) (Điều 14, Khoản 3) | ID Đích: None
  [🛠 BAI_BO]  ---> Văn bản (Mục tiêu chính) (Điều 15, Khoản 3) | ID Đích: None
  [🛠 BAI_BO]  ---> Văn bản (Mục tiêu chính) (Điều 15, Khoản 4) | ID Đích: None
  [🛠 BAI_BO]  ---> Văn bản (Mục tiêu chính) (Điều 24, Khoản 3) | ID Đích: None
  [🛠 SUA_DOI]  ---> Văn bản (Mục tiêu chính) (Điều 25, Khoản 5) | ID Đích: None
  [🛠 SUA_DOI]  ---> Văn bản (Mục tiêu chính) (Điều 25) | ID Đích: None
  [🛠 BO_SUNG]  ---> Văn bản (Mục tiêu chính) (Điều 25) | ID Đích: None
  [🛠 BO_SUNG]  ---> Văn bản (Mục tiêu chính) (Điều 25, Khoản 6) | ID Đích: None
  [🛠 BO_SUNG]  ---> Văn bản (Mục tiêu chính) (Điều 28, Khoản 2) | ID Đích: None
  [🛠 SUA_DOI]  ---> Văn bản (Mục tiêu chính) (Điều 29, Khoản 7) | ID Đích: None
  [🛠 SUA_DOI]  ---> Văn bản (Mục tiêu chính) (Điều 29, Khoản 2) | ID Đích: None
  [🛠 BO_SUNG]  ---> Văn bản (Mục tiêu chính) (Điều 29, Khoản 8) | ID Đích: None
  [🛠 BO_SUNG]  ---> Văn bản (Mục tiêu chính) (Điều 29, Khoản 1) | ID Đích: None
  [🛠 BO_SUNG]  ---> Văn bản (Mục tiêu chính) (Điều 29, Khoản 3) | ID Đích: None
  [🛠 BO_SUNG]  ---> Văn bản (Mục tiêu chính) (Điều 30, Khoản 5) | ID Đích: None
  [🛠 BO_SUNG]  ---> Văn bản (Mục tiêu chính) (Điều 30, Khoản 3) | ID Đích: None
  [🛠 BO_SUNG]  ---> Văn bản (Mục tiêu chính) (Điều 30, Khoản 5) | ID Đích: None
  [🛠 BO_SUNG]  ---> Văn bản (Mục tiêu chính) (Điều 30, Khoản 9) | ID Đích: None
  [🛠 BO_SUNG]  ---> Văn bản (Mục tiêu chính) (Điều 33, Khoản 3) | ID Đích: None
  [🛠 BO_SUNG]  ---> Văn bản (Mục tiêu chính) (Điều 33, Khoản 10) | ID Đích: None
  [🛠 BO_SUNG]  ---> Văn bản (Mục tiêu chính) (Điều 35, Khoản 1) | ID Đích: None
  [🛠 SUA_DOI]  ---> Văn bản (Mục tiêu chính) (Điều 37, Khoản 11) | ID Đích: None
  [🛠 SUA_DOI]  ---> Văn bản (Mục tiêu chính) (Điều 37, Khoản 3) | ID Đích: None
  [🛠 BO_SUNG]  ---> Văn bản (Mục tiêu chính) (Điều 37, Khoản 12) | ID Đích: None
  [🛠 BO_SUNG]  ---> Văn bản (Mục tiêu chính) (Điều 38, Khoản 1) | ID Đích: None
  [🛠 SUA_DOI]  ---> Văn bản (Mục tiêu chính) (Điều 39, Khoản 13) | ID Đích: None
  [🛠 SUA_DOI]  ---> Văn bản (Mục tiêu chính) (Điều 39, Khoản 1) | ID Đích: None
  [🛠 SUA_DOI]  ---> Văn bản (Mục tiêu chính) (Điều 39, Khoản 14) | ID Đích: None
  [🛠 SUA_DOI]  ---> Văn bản (Mục tiêu chính) (Điều 39, Khoản 4) | ID Đích: None
  [🛠 SUA_DOI]  ---> Văn bản (Mục tiêu chính) (Điều 39, Khoản 1) | ID Đích: None
  [🛠 SUA_DOI]  ---> Văn bản (Mục tiêu chính) (Điều 39, Khoản 15) | ID Đích: None
  [🛠 SUA_DOI]  ---> Văn bản (Mục tiêu chính) (Điều 40, Khoản 2) | ID Đích: None
  [🛠 BO_SUNG]  ---> Văn bản (Mục tiêu chính) (Điều 40, Khoản 16) | ID Đích: None
  [🛠 BO_SUNG]  ---> Văn bản (Mục tiêu chính) (Điều 41, Khoản 1) | ID Đích: None
  [🛠 BO_SUNG]  ---> Văn bản (Mục tiêu chính) (Điều 41, Khoản 2) | ID Đích: None
  [🛠 BO_SUNG]  ---> Văn bản (Mục tiêu chính) (Điều 41, Khoản 17) | ID Đích: None
  [🛠 BO_SUNG]  ---> Văn bản (Mục tiêu chính) (Điều 41, Khoản 2) | ID Đích: None
  [🛠 BO_SUNG]  ---> Văn bản (Mục tiêu chính) (Điều 42, Khoản 3) | ID Đích: None
  [🛠 BO_SUNG]  ---> Văn bản (Mục tiêu chính) (Điều 42, Khoản 1) | ID Đích: None
  [🛠 BO_SUNG]  ---> Văn bản (Mục tiêu chính) (Điều 41, Khoản 3) | ID Đích: None
  [🛠 BO_SUNG]  ---> Văn bản (Mục tiêu chính) (Điều 41, Khoản 3) | ID Đích: None
  [🛠 BO_SUNG]  ---> Văn bản (Mục tiêu chính) (Điều 41, Khoản 18) | ID Đích: None
  [🛠 BO_SUNG]  ---> Văn bản (Mục tiêu chính) (Điều 46, Khoản 4) | ID Đích: None
  [🛠 BO_SUNG]  ---> Văn bản (Mục tiêu chính) (Điều 46, Khoản 19) | ID Đích: None
  [🛠 BO_SUNG]  ---> Văn bản (Mục tiêu chính) (Điều 48, Khoản 1) | ID Đích: None
  [🛠 BO_SUNG]  ---> Văn bản (Mục tiêu chính) (Điều 48, Khoản 20) | ID Đích: None
  [🛠 BO_SUNG]  ---> Văn bản (Mục tiêu chính) (Điều 49, Khoản 6) | ID Đích: None
  [🛠 BO_SUNG]  ---> Văn bản (Mục tiêu chính) (Điều 24, Khoản 3) | ID Đích: None
  [🛠 BO_SUNG]  ---> Văn bản (Mục tiêu chính) (Điều 24, Khoản 21) | ID Đích: None
  [🛠 BO_SUNG]  ---> Văn bản (Mục tiêu chính) (Điều 24, Khoản 1) | ID Đích: None
  [🛠 BO_SUNG]  ---> Văn bản (Mục tiêu chính) (Điều 50) | ID Đích: None
  [🛠 BO_SUNG]  ---> Văn bản (Mục tiêu chính) (Điều 50, Khoản 5) | ID Đích: None
  [🛠 BO_SUNG]  ---> Văn bản (Mục tiêu chính) (Điều 50, Khoản 7) | ID Đích: None
  [🛠 BO_SUNG]  ---> Văn bản (Mục tiêu chính) (Điều 30, Khoản 2) | ID Đích: None
  [🛠 BO_SUNG]  ---> Văn bản (Mục tiêu chính) (Điều 30, Khoản 22) | ID Đích: None
  [🛠 BO_SUNG]  ---> Văn bản (Mục tiêu chính) (Điều 51, Khoản 1) | ID Đích: None
  [🛠 BO_SUNG]  ---> Văn bản (Mục tiêu chính) (Điều 51, Khoản 23) | ID Đích: None
  [🛠 BO_SUNG]  ---> Văn bản (Mục tiêu chính) (Điều 52, Khoản 6) | ID Đích: None
  [NỘI BỘ]  ---> Điều 9, Khoản 3
  [NỘI BỘ]  ---> Điều 14, Khoản 3
  [NỘI BỘ]  ---> Điều 18, Khoản 3
  [NỘI BỘ]  ---> Điều 21, Khoản 3
  [NỘI BỘ]  ---> Điều 23, Khoản 3
  [NỘI BỘ]  ---> Điều 32, Khoản 2
  [NỘI BỘ]  ---> Điều 38, Khoản 2
  [NỘI BỘ]  ---> Điều 39, Khoản 1
  [NỘI BỘ]  ---> Điều 43, Khoản 3
  [NỘI BỘ]  ---> Điều 44, Khoản 3
  [NỘI BỘ]  ---> Điều 46, Khoản 2
  [NỘI BỘ]  ---> Điều 47, Khoản 5
  [NỘI BỘ]  ---> Điều 49, Khoản 3
  [NỘI BỘ]  ---> Điều 50, Khoản 6
  [NỘI BỘ]  ---> Điều 51, Khoản 3
  [NỘI BỘ]  ---> Điều 52, Khoản 7
  [NỘI BỘ]  ---> Điều 2
  [NỘI BỘ]  ---> Điều 9
  [NỘI BỘ]  ---> Điều 14
  [NỘI BỘ]  ---> Điều 18
  [NỘI BỘ]  ---> Điều 21
  [NỘI BỘ]  ---> Điều 23
  [NỘI BỘ]  ---> Điều 32
  [NỘI BỘ]  ---> Điều 38
  [NỘI BỘ]  ---> Điều 39
  [NỘI BỘ]  ---> Điều 41
  [NỘI BỘ]  ---> Điều 43
  [NỘI BỘ]  ---> Điều 44
  [NỘI BỘ]  ---> Điều 46
  [NỘI BỘ]  ---> Điều 47
  [NỘI BỘ]  ---> Điều 49
  [NỘI BỘ]  ---> Điều 50
  [NỘI BỘ]  ---> Điều 51
  [NỘI BỘ]  ---> Điều 52
  [🛠 SUA_DOI]  ---> Văn bản (Mục tiêu chính) (Điều 2) | ID Đích: None
  [🛠 SUA_DOI]  ---> Văn bản (Mục tiêu chính) (Điều 2, Khoản 2) | ID Đích: None
  [🛠 SUA_DOI]  ---> Văn bản (Mục tiêu chính) (Điều 9, Khoản 3) | ID Đích: None
  [🛠 SUA_DOI]  ---> Văn bản (Mục tiêu chính) (Điều 9, Khoản 2) | ID Đích: None
  [🛠 SUA_DOI]  ---> Văn bản (Mục tiêu chính) (Điều 14, Khoản 3) | ID Đích: None
  [🛠 SUA_DOI]  ---> Văn bản (Mục tiêu chính) (Điều 14, Khoản 2) | ID Đích: None
  [🛠 SUA_DOI]  ---> Văn bản (Mục tiêu chính) (Điều 18, Khoản 3) | ID Đích: None
  [🛠 SUA_DOI]  ---> Văn bản (Mục tiêu chính) (Điều 21, Khoản 3) | ID Đích: None
  [🛠 SUA_DOI]  ---> Văn bản (Mục tiêu chính) (Điều 21, Khoản 1) | ID Đích: None
  [🛠 SUA_DOI]  ---> Văn bản (Mục tiêu chính) (Điều 23, Khoản 3) | ID Đích: None
  [🛠 SUA_DOI]  ---> Văn bản (Mục tiêu chính) (Điều 32, Khoản 2) | ID Đích: None
  [🛠 SUA_DOI]  ---> Văn bản (Mục tiêu chính) (Điều 32, Khoản 1) | ID Đích: None
  [🛠 SUA_DOI]  ---> Văn bản (Mục tiêu chính) (Điều 38, Khoản 2) | ID Đích: None
  [🛠 SUA_DOI]  ---> Văn bản (Mục tiêu chính) (Điều 39, Khoản 1) | ID Đích: None
  [🛠 SUA_DOI]  ---> Văn bản (Mục tiêu chính) (Điều 41) | ID Đích: None
  [🛠 SUA_DOI]  ---> Văn bản (Mục tiêu chính) (Điều 41, Khoản 1) | ID Đích: None
  [🛠 SUA_DOI]  ---> Văn bản (Mục tiêu chính) (Điều 43, Khoản 3) | ID Đích: None
  [🛠 SUA_DOI]  ---> Văn bản (Mục tiêu chính) (Điều 43, Khoản 1) | ID Đích: None
  [🛠 SUA_DOI]  ---> Văn bản (Mục tiêu chính) (Điều 44, Khoản 3) | ID Đích: None
  [🛠 SUA_DOI]  ---> Văn bản (Mục tiêu chính) (Điều 46, Khoản 2) | ID Đích: None
  [🛠 SUA_DOI]  ---> Văn bản (Mục tiêu chính) (Điều 47, Khoản 5) | ID Đích: None
  [🛠 SUA_DOI]  ---> Văn bản (Mục tiêu chính) (Điều 49, Khoản 3) | ID Đích: None
  [🛠 SUA_DOI]  ---> Văn bản (Mục tiêu chính) (Điều 49, Khoản 3) | ID Đích: None
  [🛠 SUA_DOI]  ---> Văn bản (Mục tiêu chính) (Điều 50, Khoản 6) | ID Đích: None
  [🛠 SUA_DOI]  ---> Văn bản (Mục tiêu chính) (Điều 51, Khoản 3) | ID Đích: None
  [🛠 SUA_DOI]  ---> Văn bản (Mục tiêu chính) (Điều 52, Khoản 7) | ID Đích: None
  [NỘI BỘ]  ---> Điều 3
  [🛠 SUA_DOI]  ---> Văn bản (Mục tiêu chính) (Điều 3) | ID Đích: None
  [🛠 SUA_DOI]  ---> Văn bản (Mục tiêu chính) (Điều 3, Khoản 1) | ID Đích: None
  [🛠 SUA_DOI]  ---> Văn bản (Mục tiêu chính) (Điều 3, Khoản 2) | ID Đích: None
====================================================================================================
VĂN BẢN NGUỒN: 32/2009/QH12
TIÊU ĐỀ: Sửa đổi, bổ sung một số điều của Luật Di sản văn hóa
ID: 11750 | Chế độ sửa đổi: BẬT
----------------------------------------------------------------------------------------------------
DEBUG: 500 ký tự đầu tiên để quét Preamble:

 
 
 
 
 LUẬT 
 
	  
 
 Sửa đổi, bổ sung một số điều của Luật Di sản văn hóa 
 
 _____________________________ 
 
	  
 
 Căn cứ Hiến pháp nước Cộng hòa xã hội chủ nghĩa Việt Nam năm 1992 đã được sửa đổi, bổ sung một số điều theo Nghị quyết số 51/2001/QH10; 
 
 Quốc hội ban hành Luật sửa đổi, bổ sung một số điều của Luật Di sản văn hóa số 28/2001/QH10.   
 
 Điều 1. 
 
 Sửa đổi, bổ sung một số điều của Luật Di sản văn hóa. 
 
 1. Khoản 1 Điều 4 được sửa đổi, bổ sung như sau: 
 
 “1. Di sản văn h...
  [NỘI BỘ]  ---> Điều 4, Khoản 1
  [NỘI BỘ]  ---> Điều 1
  [NỘI BỘ]  ---> Điều 4
  [NỘI BỘ]  ---> Điều 13
  [NỘI BỘ]  ---> Điều 17
  [NỘI BỘ]  ---> Điều 18
  [NỘI BỘ]  ---> Điều 21
  [NỘI BỘ]  ---> Điều 25
  [NỘI BỘ]  ---> Điều 28, Khoản 1
  [NỘI BỘ]  ---> Điều 30, Khoản 1
  [NỘI BỘ]  ---> Điều 26
  [NỘI BỘ]  ---> Điều 28
  [NỘI BỘ]  ---> Điều 29
  [NỘI BỘ]  ---> Điều 30
  [NỘI BỘ]  ---> Điều 31
  [NỘI BỘ]  ---> Điều 33, Khoản 4
  [NỘI BỘ]  ---> Điều 36, Khoản 3
  [NỘI BỘ]  ---> Điều 32
  [NỘI BỘ]  ---> Điều 33
  [NỘI BỘ]  ---> Điều 28
  [NỘI BỘ]  ---> Điều 34
  [NỘI BỘ]  ---> Điều 35
  [NỘI BỘ]  ---> Điều 36
  [NỘI BỘ]  ---> Điều 37
  [NỘI BỘ]  ---> Điều 38
  [NỘI BỘ]  ---> Điều 42, Khoản 3
  [NỘI BỘ]  ---> Điều 41
  [NỘI BỘ]  ---> Điều 41a
  [NỘI BỘ]  ---> Điều 42
  [NỘI BỘ]  ---> Điều 47
  [NỘI BỘ]  ---> Điều 48
  [NỘI BỘ]  ---> Điều 50
  [🛠 SUA_DOI]  ---> Văn bản (Mục tiêu chính) (Điều 1) | ID Đích: None
  [🛠 BO_SUNG]  ---> Văn bản (Mục tiêu chính) (Điều 1, Khoản 1) | ID Đích: None
  [🛠 BO_SUNG]  ---> Văn bản (Mục tiêu chính) (Điều 4, Khoản 1) | ID Đích: None
  [🛠 BO_SUNG]  ---> Văn bản (Mục tiêu chính) (Điều 4, Khoản 2) | ID Đích: None
  [🛠 BO_SUNG]  ---> Văn bản (Mục tiêu chính) (Điều 4, Khoản 14) | ID Đích: None
  [🛠 BO_SUNG]  ---> Văn bản (Mục tiêu chính) (Điều 4) | ID Đích: None
  [🛠 BO_SUNG]  ---> Văn bản (Mục tiêu chính) (Điều 4, Khoản 15) | ID Đích: None
  [🛠 BO_SUNG]  ---> Văn bản (Mục tiêu chính) (Điều 4, Khoản 16) | ID Đích: None
  [🛠 BO_SUNG]  ---> Văn bản (Mục tiêu chính) (Điều 4, Khoản 3) | ID Đích: None
  [🛠 BO_SUNG]  ---> Văn bản (Mục tiêu chính) (Điều 4, Khoản 1) | ID Đích: None
  [🛠 BO_SUNG]  ---> Văn bản (Mục tiêu chính) (Điều 13) | ID Đích: None
  [🛠 BO_SUNG]  ---> Văn bản (Mục tiêu chính) (Điều 13, Khoản 4) | ID Đích: None
  [🛠 SUA_DOI]  ---> Văn bản (Mục tiêu chính) (Điều 17, Khoản 5) | ID Đích: None
  [🛠 SUA_DOI]  ---> Văn bản (Mục tiêu chính) (Điều 17, Khoản 4) | ID Đích: None
  [🛠 SUA_DOI]  ---> Văn bản (Mục tiêu chính) (Điều 17) | ID Đích: None
  [🛠 BO_SUNG]  ---> Văn bản (Mục tiêu chính) (Điều 17) | ID Đích: None
  [🛠 BO_SUNG]  ---> Văn bản (Mục tiêu chính) (Điều 17, Khoản 1) | ID Đích: None
  [🛠 SUA_DOI]  ---> Văn bản (Mục tiêu chính) (Điều 18, Khoản 4) | ID Đích: None
  [🛠 SUA_DOI]  ---> Văn bản (Mục tiêu chính) (Điều 18, Khoản 5) | ID Đích: None
  [🛠 SUA_DOI]  ---> Văn bản (Mục tiêu chính) (Điều 18, Khoản 5) | ID Đích: None
  [🛠 SUA_DOI]  ---> Văn bản (Mục tiêu chính) (Điều 18) | ID Đích: None
  [🛠 BO_SUNG]  ---> Văn bản (Mục tiêu chính) (Điều 18) | ID Đích: None
  [🛠 BO_SUNG]  ---> Văn bản (Mục tiêu chính) (Điều 18, Khoản 1) | ID Đích: None
  [🛠 BO_SUNG]  ---> Văn bản (Mục tiêu chính) (Điều 18, Khoản 2) | ID Đích: None
  [🛠 BO_SUNG]  ---> Văn bản (Mục tiêu chính) (Điều 18, Khoản 3) | ID Đích: None
  [🛠 BO_SUNG]  ---> Văn bản (Mục tiêu chính) (Điều 18, Khoản 1) | ID Đích: None
  [🛠 BO_SUNG]  ---> Văn bản (Mục tiêu chính) (Điều 18, Khoản 6) | ID Đích: None
  [🛠 BO_SUNG]  ---> Văn bản (Mục tiêu chính) (Điều 21) | ID Đích: None
  [🛠 BO_SUNG]  ---> Văn bản (Mục tiêu chính) (Điều 21) | ID Đích: None
  [🛠 BO_SUNG]  ---> Văn bản (Mục tiêu chính) (Điều 21, Khoản 1) | ID Đích: None
  [🛠 SUA_DOI]  ---> Văn bản (Mục tiêu chính) (Điều 25, Khoản 2) | ID Đích: None
  [🛠 SUA_DOI]  ---> Văn bản (Mục tiêu chính) (Điều 25, Khoản 3) | ID Đích: None
  [🛠 SUA_DOI]  ---> Văn bản (Mục tiêu chính) (Điều 25, Khoản 7) | ID Đích: None
  [🛠 SUA_DOI]  ---> Văn bản (Mục tiêu chính) (Điều 25) | ID Đích: None
  [🛠 BO_SUNG]  ---> Văn bản (Mục tiêu chính) (Điều 25) | ID Đích: None
  [🛠 BO_SUNG]  ---> Văn bản (Mục tiêu chính) (Điều 25, Khoản 1) | ID Đích: None
  [🛠 SUA_DOI]  ---> Văn bản (Mục tiêu chính) (Điều 26, Khoản 2) | ID Đích: None
  [🛠 SUA_DOI]  ---> Văn bản (Mục tiêu chính) (Điều 26, Khoản 3) | ID Đích: None
  [🛠 SUA_DOI]  ---> Văn bản (Mục tiêu chính) (Điều 26, Khoản 4) | ID Đích: None
  [🛠 SUA_DOI]  ---> Văn bản (Mục tiêu chính) (Điều 26, Khoản 8) | ID Đích: None
  [🛠 SUA_DOI]  ---> Văn bản (Mục tiêu chính) (Điều 26) | ID Đích: None
  [🛠 BO_SUNG]  ---> Văn bản (Mục tiêu chính) (Điều 26) | ID Đích: None
  [🛠 BO_SUNG]  ---> Văn bản (Mục tiêu chính) (Điều 26, Khoản 1) | ID Đích: None
  [🛠 BO_SUNG]  ---> Văn bản (Mục tiêu chính) (Điều 26, Khoản 2) | ID Đích: None
  [🛠 BO_SUNG]  ---> Văn bản (Mục tiêu chính) (Điều 26, Khoản 1) | ID Đích: None
  [🛠 BO_SUNG]  ---> Văn bản (Mục tiêu chính) (Điều 26, Khoản 9) | ID Đích: None
  [🛠 BO_SUNG]  ---> Văn bản (Mục tiêu chính) (Điều 28, Khoản 1) | ID Đích: None
  [🛠 BO_SUNG]  ---> Văn bản (Mục tiêu chính) (Điều 28, Khoản 10) | ID Đích: None
  [🛠 BO_SUNG]  ---> Văn bản (Mục tiêu chính) (Điều 29) | ID Đích: None
  [🛠 BO_SUNG]  ---> Văn bản (Mục tiêu chính) (Điều 29) | ID Đích: None
  [🛠 BO_SUNG]  ---> Văn bản (Mục tiêu chính) (Điều 29, Khoản 1) | ID Đích: None
  [🛠 BO_SUNG]  ---> Văn bản (Mục tiêu chính) (Điều 29, Khoản 2) | ID Đích: None
  [🛠 BO_SUNG]  ---> Văn bản (Mục tiêu chính) (Điều 29, Khoản 3) | ID Đích: None
  [🛠 BO_SUNG]  ---> Văn bản (Mục tiêu chính) (Điều 29, Khoản 11) | ID Đích: None
  [🛠 BO_SUNG]  ---> Văn bản (Mục tiêu chính) (Điều 30, Khoản 1) | ID Đích: None
  [🛠 BO_SUNG]  ---> Văn bản (Mục tiêu chính) (Điều 30, Khoản 12) | ID Đích: None
  [🛠 BO_SUNG]  ---> Văn bản (Mục tiêu chính) (Điều 31) | ID Đích: None
  [🛠 BO_SUNG]  ---> Văn bản (Mục tiêu chính) (Điều 31) | ID Đích: None
  [🛠 BO_SUNG]  ---> Văn bản (Mục tiêu chính) (Điều 31, Khoản 1) | ID Đích: None
  [🛠 SUA_DOI]  ---> Văn bản (Mục tiêu chính) (Điều 32, Khoản 2) | ID Đích: None
  [🛠 SUA_DOI]  ---> Văn bản (Mục tiêu chính) (Điều 32, Khoản 13) | ID Đích: None
  [🛠 SUA_DOI]  ---> Văn bản (Mục tiêu chính) (Điều 32) | ID Đích: None
  [🛠 BO_SUNG]  ---> Văn bản (Mục tiêu chính) (Điều 32) | ID Đích: None
  [🛠 BO_SUNG]  ---> Văn bản (Mục tiêu chính) (Điều 32, Khoản 1) | ID Đích: None
  [🛠 BO_SUNG]  ---> Văn bản (Mục tiêu chính) (Điều 32, Khoản 2) | ID Đích: None
  [🛠 BO_SUNG]  ---> Văn bản (Mục tiêu chính) (Điều 32, Khoản 1) | ID Đích: None
  [🛠 BO_SUNG]  ---> Văn bản (Mục tiêu chính) (Điều 32, Khoản 3) | ID Đích: None
  [🛠 BO_SUNG]  ---> Văn bản (Mục tiêu chính) (Điều 32, Khoản 14) | ID Đích: None
  [🛠 BO_SUNG]  ---> Văn bản (Mục tiêu chính) (Điều 33, Khoản 4) | ID Đích: None
  [🛠 BO_SUNG]  ---> Văn bản (Mục tiêu chính) (Điều 28) | ID Đích: None
  [🛠 BO_SUNG]  ---> Văn bản (Mục tiêu chính) (Điều 28, Khoản 15) | ID Đích: None
  [🛠 BO_SUNG]  ---> Văn bản (Mục tiêu chính) (Điều 34) | ID Đích: None
  [🛠 BO_SUNG]  ---> Văn bản (Mục tiêu chính) (Điều 34) | ID Đích: None
  [🛠 BO_SUNG]  ---> Văn bản (Mục tiêu chính) (Điều 34, Khoản 1) | ID Đích: None
  [🛠 BO_SUNG]  ---> Văn bản (Mục tiêu chính) (Điều 34, Khoản 2) | ID Đích: None
  [🛠 BO_SUNG]  ---> Văn bản (Mục tiêu chính) (Điều 34, Khoản 3) | ID Đích: None
  [🛠 BO_SUNG]  ---> Văn bản (Mục tiêu chính) (Điều 34, Khoản 2) | ID Đích: None
  [🛠 BO_SUNG]  ---> Văn bản (Mục tiêu chính) (Điều 34, Khoản 16) | ID Đích: None
  [🛠 BAI_BO]  ---> Văn bản (Mục tiêu chính) (Điều 35) | ID Đích: None
  [🛠 BAI_BO]  ---> Văn bản (Mục tiêu chính) (Điều 35, Khoản 17) | ID Đích: None
  [🛠 BAI_BO]  ---> Văn bản (Mục tiêu chính) (Điều 36, Khoản 3) | ID Đích: None
  [🛠 BAI_BO]  ---> Văn bản (Mục tiêu chính) (Điều 36, Khoản 18) | ID Đích: None
  [🛠 BAI_BO]  ---> Văn bản (Mục tiêu chính) (Điều 37) | ID Đích: None
  [🛠 BAI_BO]  ---> Văn bản (Mục tiêu chính) (Điều 37, Khoản 1) | ID Đích: None
  [🛠 SUA_DOI]  ---> Văn bản (Mục tiêu chính) (Điều 38, Khoản 2) | ID Đích: None
  [🛠 SUA_DOI]  ---> Văn bản (Mục tiêu chính) (Điều 38, Khoản 3) | ID Đích: None
  [🛠 SUA_DOI]  ---> Văn bản (Mục tiêu chính) (Điều 38, Khoản 4) | ID Đích: None
  [🛠 SUA_DOI]  ---> Văn bản (Mục tiêu chính) (Điều 38, Khoản 19) | ID Đích: None
  [🛠 SUA_DOI]  ---> Văn bản (Mục tiêu chính) (Điều 38) | ID Đích: None
  [🛠 BO_SUNG]  ---> Văn bản (Mục tiêu chính) (Điều 38) | ID Đích: None
  [🛠 BO_SUNG]  ---> Văn bản (Mục tiêu chính) (Điều 38, Khoản 1) | ID Đích: None
  [🛠 BO_SUNG]  ---> Văn bản (Mục tiêu chính) (Điều 38, Khoản 2) | ID Đích: None
  [🛠 SUA_DOI]  ---> Văn bản (Mục tiêu chính) (Điều 41, Khoản 20) | ID Đích: None
  [🛠 SUA_DOI]  ---> Văn bản (Mục tiêu chính) (Điều 41) | ID Đích: None
  [🛠 BO_SUNG]  ---> Văn bản (Mục tiêu chính) (Điều 41) | ID Đích: None
  [🛠 BO_SUNG]  ---> Văn bản (Mục tiêu chính) (Điều 41, Khoản 1) | ID Đích: None
  [🛠 BO_SUNG]  ---> Văn bản (Mục tiêu chính) (Điều 41, Khoản 2) | ID Đích: None
  [🛠 BO_SUNG]  ---> Văn bản (Mục tiêu chính) (Điều 41, Khoản 1) | ID Đích: None
  [🛠 BO_SUNG]  ---> Văn bản (Mục tiêu chính) (Điều 41, Khoản 3) | ID Đích: None
  [🛠 BO_SUNG]  ---> Văn bản (Mục tiêu chính) (Điều 41, Khoản 21) | ID Đích: None
  [🛠 BO_SUNG]  ---> Văn bản (Mục tiêu chính) (Điều ?) | ID Đích: None
  [🛠 BO_SUNG]  ---> Văn bản (Mục tiêu chính) (Điều ?) | ID Đích: None
  [🛠 BO_SUNG]  ---> Văn bản (Mục tiêu chính) (Điều ?, Khoản 1) | ID Đích: None
  [🛠 BO_SUNG]  ---> Văn bản (Mục tiêu chính) (Điều ?, Khoản 2) | ID Đích: None
  [🛠 BO_SUNG]  ---> Văn bản (Mục tiêu chính) (Điều 42, Khoản 3) | ID Đích: None
  [🛠 BO_SUNG]  ---> Văn bản (Mục tiêu chính) (Điều 42, Khoản 3) | ID Đích: None
  [🛠 BO_SUNG]  ---> Văn bản (Mục tiêu chính) (Điều 42, Khoản 4) | ID Đích: None
  [🛠 BO_SUNG]  ---> Văn bản (Mục tiêu chính) (Điều 42, Khoản 5) | ID Đích: None
  [🛠 BO_SUNG]  ---> Văn bản (Mục tiêu chính) (Điều 42, Khoản 6) | ID Đích: None
  [🛠 BO_SUNG]  ---> Văn bản (Mục tiêu chính) (Điều 42, Khoản 22) | ID Đích: None
  [🛠 BO_SUNG]  ---> Văn bản (Mục tiêu chính) (Điều 42) | ID Đích: None
  [🛠 BO_SUNG]  ---> Văn bản (Mục tiêu chính) (Điều 42) | ID Đích: None
  [🛠 BO_SUNG]  ---> Văn bản (Mục tiêu chính) (Điều 42, Khoản 1) | ID Đích: None
  [🛠 BO_SUNG]  ---> Văn bản (Mục tiêu chính) (Điều 42, Khoản 2) | ID Đích: None
  [🛠 BO_SUNG]  ---> Văn bản (Mục tiêu chính) (Điều 42, Khoản 3) | ID Đích: None
  [🛠 BO_SUNG]  ---> Văn bản (Mục tiêu chính) (Điều 42, Khoản 4) | ID Đích: None
  [🛠 SUA_DOI]  ---> Văn bản (Mục tiêu chính) (Điều 47, Khoản 23) | ID Đích: None
  [🛠 SUA_DOI]  ---> Văn bản (Mục tiêu chính) (Điều 47) | ID Đích: None
  [🛠 BO_SUNG]  ---> Văn bản (Mục tiêu chính) (Điều 47) | ID Đích: None
  [🛠 BO_SUNG]  ---> Văn bản (Mục tiêu chính) (Điều 47, Khoản 1) | ID Đích: None
  [🛠 BO_SUNG]  ---> Văn bản (Mục tiêu chính) (Điều 47, Khoản 2) | ID Đích: None
  [🛠 BO_SUNG]  ---> Văn bản (Mục tiêu chính) (Điều 47, Khoản 3) | ID Đích: None
  [🛠 BO_SUNG]  ---> Văn bản (Mục tiêu chính) (Điều 47, Khoản 24) | ID Đích: None
  [🛠 BO_SUNG]  ---> Văn bản (Mục tiêu chính) (Điều 48) | ID Đích: None
  [🛠 BO_SUNG]  ---> Văn bản (Mục tiêu chính) (Điều 48) | ID Đích: None
  [🛠 BO_SUNG]  ---> Văn bản (Mục tiêu chính) (Điều 48, Khoản 1) | ID Đích: None
  [🛠 SUA_DOI]  ---> Văn bản (Mục tiêu chính) (Điều 50, Khoản 2) | ID Đích: None
  [🛠 SUA_DOI]  ---> Văn bản (Mục tiêu chính) (Điều 50, Khoản 3) | ID Đích: None
  [🛠 SUA_DOI]  ---> Văn bản (Mục tiêu chính) (Điều 50, Khoản 4) | ID Đích: None
  [🛠 SUA_DOI]  ---> Văn bản (Mục tiêu chính) (Điều 50, Khoản 5) | ID Đích: None
  [🛠 SUA_DOI]  ---> Văn bản (Mục tiêu chính) (Điều 50, Khoản 6) | ID Đích: None
  [🛠 SUA_DOI]  ---> Văn bản (Mục tiêu chính) (Điều 50, Khoản 7) | ID Đích: None
  [🛠 SUA_DOI]  ---> Văn bản (Mục tiêu chính) (Điều 50, Khoản 8) | ID Đích: None
  [🛠 SUA_DOI]  ---> Văn bản (Mục tiêu chính) (Điều 50, Khoản 25) | ID Đích: None
  [🛠 SUA_DOI]  ---> Văn bản (Mục tiêu chính) (Điều 50) | ID Đích: None
  [🛠 BO_SUNG]  ---> Văn bản (Mục tiêu chính) (Điều 50) | ID Đích: None
  [🛠 BO_SUNG]  ---> Văn bản (Mục tiêu chính) (Điều 50, Khoản 1) | ID Đích: None
  [🛠 BO_SUNG]  ---> Văn bản (Mục tiêu chính) (Điều 50, Khoản 2) | ID Đích: None
  [NỘI BỘ]  ---> Điều 40, Khoản 1
  [NỘI BỘ]  ---> Điều 33, Khoản 3
  [NỘI BỘ]  ---> Điều 40, Khoản 1
  [NỘI BỘ]  ---> Điều 44, Khoản 2
  [NỘI BỘ]  ---> Điều 55, Khoản 3
  [NỘI BỘ]  ---> Điều 33, Khoản 2
  [NỘI BỘ]  ---> Điều 36, Khoản 2
  [NỘI BỘ]  ---> Điều 43, Khoản 1
  [NỘI BỘ]  ---> Điều 46, Khoản 5
  [NỘI BỘ]  ---> Điều 2
  [NỘI BỘ]  ---> Điều 33
  [NỘI BỘ]  ---> Điều 39
  [NỘI BỘ]  ---> Điều 40
  [NỘI BỘ]  ---> Điều 44
  [NỘI BỘ]  ---> Điều 45
  [NỘI BỘ]  ---> Điều 55
  [NỘI BỘ]  ---> Điều 36
  [NỘI BỘ]  ---> Điều 43
  [NỘI BỘ]  ---> Điều 46
  [NỘI BỘ]  ---> Điều 53
  [NỘI BỘ]  ---> Điều 66
  [NỘI BỘ]  ---> Điều 5
  [NỘI BỘ]  ---> Điều 6
  [NỘI BỘ]  ---> Điều 7
  [🛠 SUA_DOI]  ---> Văn bản (Mục tiêu chính) (Điều 2) | ID Đích: None
  [🛠 SUA_DOI]  ---> Văn bản (Mục tiêu chính) (Điều 2, Khoản 1) | ID Đích: None
  [🛠 SUA_DOI]  ---> Văn bản (Mục tiêu chính) (Điều 33, Khoản 3) | ID Đích: None
  [🛠 SUA_DOI]  ---> Văn bản (Mục tiêu chính) (Điều 33, Khoản 1) | ID Đích: None
  [🛠 SUA_DOI]  ---> Văn bản (Mục tiêu chính) (Điều 39) | ID Đích: None
  [🛠 SUA_DOI]  ---> Văn bản (Mục tiêu chính) (Điều 40, Khoản 1) | ID Đích: None
  [🛠 SUA_DOI]  ---> Văn bản (Mục tiêu chính) (Điều 44, Khoản 2) | ID Đích: None
  [🛠 SUA_DOI]  ---> Văn bản (Mục tiêu chính) (Điều 45) | ID Đích: None
  [🛠 SUA_DOI]  ---> Văn bản (Mục tiêu chính) (Điều 45, Khoản 2) | ID Đích: None
  [🛠 SUA_DOI]  ---> Văn bản (Mục tiêu chính) (Điều 55, Khoản 3) | ID Đích: None
  [🛠 SUA_DOI]  ---> Văn bản (Mục tiêu chính) (Điều 55, Khoản 2) | ID Đích: None
  [🛠 SUA_DOI]  ---> Văn bản (Mục tiêu chính) (Điều 55, Khoản 1) | ID Đích: None
  [🛠 SUA_DOI]  ---> Văn bản (Mục tiêu chính) (Điều 33, Khoản 2) | ID Đích: None
  [🛠 SUA_DOI]  ---> Văn bản (Mục tiêu chính) (Điều 33, Khoản 1) | ID Đích: None
  [🛠 SUA_DOI]  ---> Văn bản (Mục tiêu chính) (Điều 36, Khoản 2) | ID Đích: None
  [🛠 SUA_DOI]  ---> Văn bản (Mục tiêu chính) (Điều 43, Khoản 1) | ID Đích: None
  [🛠 SUA_DOI]  ---> Văn bản (Mục tiêu chính) (Điều 46, Khoản 5) | ID Đích: None
  [🛠 SUA_DOI]  ---> Văn bản (Mục tiêu chính) (Điều 53) | ID Đích: None
  [🛠 SUA_DOI]  ---> Văn bản (Mục tiêu chính) (Điều 66) | ID Đích: None
  [🛠 SUA_DOI]  ---> Văn bản (Mục tiêu chính) (Điều 66, Khoản 3) | ID Đích: None
  [🛠 THAY_THE]  ---> Văn bản (Mục tiêu chính) (Điều 5) | ID Đích: None
  [🛠 THAY_THE]  ---> Văn bản (Mục tiêu chính) (Điều 6) | ID Đích: None
  [🛠 THAY_THE]  ---> Văn bản (Mục tiêu chính) (Điều 7) | ID Đích: None
  [🛠 THAY_THE]  ---> Văn bản (Mục tiêu chính) (Điều 43, Khoản 1) | ID Đích: None
  [NỘI BỘ]  ---> Điều 3
  [🛠 SUA_DOI]  ---> Văn bản (Mục tiêu chính) (Điều 3) | ID Đích: None
  [NỘI BỘ] của Luật thi đua, khen thưởng được sửa đổi, bổ sung như sau: ---> Điều 65
  [🛠 BO_SUNG] của Luật thi đua, khen thưởng được sửa đổi, bổ sung như sau: ---> Văn bản (Mục tiêu chính) (Điều 65) | ID Đích: None
  [🛠 BO_SUNG] của Luật thi đua, khen thưởng được sửa đổi, bổ sung như sau: ---> Văn bản (Mục tiêu chính) (Điều 65) | ID Đích: None
  [🛠 BO_SUNG] của Luật thi đua, khen thưởng được sửa đổi, bổ sung như sau: ---> Văn bản (Mục tiêu chính) (Điều 65, Khoản 1) | ID Đích: None
  [🛠 BO_SUNG] của Luật thi đua, khen thưởng được sửa đổi, bổ sung như sau: ---> Văn bản (Mục tiêu chính) (Điều 65, Khoản 2) | ID Đích: None
  [🛠 BO_SUNG] của Luật thi đua, khen thưởng được sửa đổi, bổ sung như sau: ---> Văn bản (Mục tiêu chính) (Điều 65, Khoản 3) | ID Đích: None
  [🛠 BO_SUNG] của Luật thi đua, khen thưởng được sửa đổi, bổ sung như sau: ---> Văn bản (Mục tiêu chính) (Điều 65, Khoản 4) | ID Đích: None
  [NỘI BỘ]  ---> Điều 4
  [🛠 SUA_DOI]  ---> Văn bản (Mục tiêu chính) (Điều 4) | ID Đích: None
  [🛠 SUA_DOI]  ---> Văn bản (Mục tiêu chính) (Điều 4, Khoản 1) | ID Đích: None
  [🛠 SUA_DOI]  ---> Văn bản (Mục tiêu chính) (Điều 4, Khoản 2) | ID Đích: None
====================================================================================================
VĂN BẢN NGUỒN: 28/2009/QH12
TIÊU ĐỀ: Lý lịch tư pháp
ID: 11761 | Chế độ sửa đổi: TẮT
----------------------------------------------------------------------------------------------------
  [NỘI BỘ] Phạm vi điều chỉnh ---> Điều 1
  [NỘI BỘ] Giải thích từ ngữ ---> Điều 2
  [NỘI BỘ] Mục đích quản lý lý lịch tư pháp ---> Điều 3
  [NỘI BỘ] Nguyên tắc quản lý lý lịch tư pháp ---> Điều 4
  [NỘI BỘ] Đối tượng quản lý lý lịch tư pháp ---> Điều 5
  [NỘI BỘ] Trách nhiệm cung cấp thông tin lý lịch tư pháp ---> Điều 6
  [NỘI BỘ] Quyền yêu cầu cấp Phiếu lý lịch tư pháp ---> Điều 7
  [NỘI BỘ] Các hành vi bị cấm ---> Điều 8
  [NỘI BỘ] Nhiệm vụ, quyền hạn của các cơ quan trong quản lý nhà nước về lý lịch tư pháp ---> Điều 9
  [NỘI BỘ] Lệ phí cấp Phiếu lý lịch tư pháp ---> Điều 10
  [NỘI BỘ] Cơ sở dữ liệu lý lịch tư pháp ---> Điều 11
  [NỘI BỘ] Nhiệm vụ của Trung tâm lý lịch tư pháp quốc gia trong quản lý cơ sở dữ liệu lý lịch tư pháp ---> Điều 12
  [NỘI BỘ] Nhiệm vụ của Sở Tư pháp trong quản lý cơ sở dữ liệu lý lịch tư pháp ---> Điều 13
  [NỘI BỘ] Bảo vệ, lưu trữ cơ sở dữ liệu lý lịch tư pháp ---> Điều 14
  [NỘI BỘ] Nguồn thông tin lý lịch tư pháp về án tích ---> Điều 15

====================================================================================================
HOÀN TẤT KIỂM THỬ DỮ LIỆU THỰC
====================================================================================================
