2026-05-16 16:55:12,197 [INFO] benchmark: Neo4j Database Statistics:
2026-05-16 16:55:12,322 [WARNING] neo4j.notifications: Received notification from DBMS server: <GqlStatusObject gql_status='01N42', status_description="One of the relationship types in your query is not available in the database, make sure you didn't misspell it or that the label is available when you run this statement in your application (the missing relationship type is: REFERENCES_INTERNAL)", position=<SummaryInputPosition line=1, column=13, offset=12>, raw_classification='UNRECOGNIZED', classification=<NotificationClassification.UNRECOGNIZED: 'UNRECOGNIZED'>, raw_severity='WARNING', severity=<NotificationSeverity.WARNING: 'WARNING'>, diagnostic_record={'OPERATION': '', 'OPERATION_CODE': '0', 'CURRENT_SCHEMA': '/', '_classification': 'UNRECOGNIZED', '_severity': 'WARNING', '_position': {'column': 13, 'offset': 12, 'line': 1}}> for query: 'MATCH ()-[r:REFERENCES_INTERNAL]->() RETURN count(r) as cnt'
2026-05-16 16:55:12,328 [WARNING] neo4j.notifications: Received notification from DBMS server: <GqlStatusObject gql_status='01N42', status_description="One of the relationship types in your query is not available in the database, make sure you didn't misspell it or that the label is available when you run this statement in your application (the missing relationship type is: REFERENCES_EXTERNAL)", position=<SummaryInputPosition line=1, column=13, offset=12>, raw_classification='UNRECOGNIZED', classification=<NotificationClassification.UNRECOGNIZED: 'UNRECOGNIZED'>, raw_severity='WARNING', severity=<NotificationSeverity.WARNING: 'WARNING'>, diagnostic_record={'OPERATION': '', 'OPERATION_CODE': '0', 'CURRENT_SCHEMA': '/', '_classification': 'UNRECOGNIZED', '_severity': 'WARNING', '_position': {'column': 13, 'offset': 12, 'line': 1}}> for query: 'MATCH ()-[r:REFERENCES_EXTERNAL]->() RETURN count(r) as cnt'
2026-05-16 16:55:12,388 [INFO] benchmark:   document_count: 31
2026-05-16 16:55:12,388 [INFO] benchmark:   article_count: 1321
2026-05-16 16:55:12,389 [INFO] benchmark:   clause_count: 4610
2026-05-16 16:55:12,389 [INFO] benchmark:   point_count: 3701
2026-05-16 16:55:12,389 [INFO] benchmark:   legalsegment_count: 7422
2026-05-16 16:55:12,389 [INFO] benchmark:   has_article_count: 1321
2026-05-16 16:55:12,389 [INFO] benchmark:   has_clause_count: 4610
2026-05-16 16:55:12,389 [INFO] benchmark:   has_point_count: 3701
2026-05-16 16:55:12,389 [INFO] benchmark:   references_internal_count: 0
2026-05-16 16:55:12,389 [INFO] benchmark:   references_external_count: 0
2026-05-16 16:55:12,389 [INFO] benchmark:   modifies_count: 47
2026-05-16 16:55:12,389 [INFO] benchmark:   embedded_segments: 7422
2026-05-16 16:55:12,389 [INFO] benchmark:   index document_title_fulltext: FULLTEXT (ONLINE)
2026-05-16 16:55:12,389 [INFO] benchmark:   index legal_segment_embeddings: VECTOR (ONLINE)
2026-05-16 16:55:12,389 [INFO] benchmark:   index legal_segment_fulltext: FULLTEXT (ONLINE)
2026-05-16 16:55:12,389 [INFO] benchmark: ============================================================
2026-05-16 16:55:12,389 [INFO] benchmark: BENCHMARK: sample_hop_dong_lao_dong.md
2026-05-16 16:55:12,389 [INFO] benchmark: ============================================================
